lang-code-iso-639-2: eng
lang-dir: ltr
lang-native: English
str1: String 1
