{
"lang-code-iso-639-2":"fra",
"lang-dir":"ltr",
"lang-native":"Français",
"str1":"Chaîne 1"
}