/* i18n strings */
{
	"name": "FranÃ§ais",
	"str1": "String 1"
}