/* i18n strings */
{
	"name": "English",
	"str1": "String 1"
}