/* i18n strings */
{
	"name": "Français",
	"str1": "Chaîne 1"
}